[2026-05-24 10:10:20] PARSE v9 (EtLT+SemanticTable+BulletRegex+BrokenLineNorm+RON95fix+OldFormatFix): start
[2026-05-24 10:14:48] PARSE v9 DONE: docs_with_html=308, docs_parsed=307, rows=1223, ok=874, partial=349
[2026-05-24 10:14:48] PARSE v9 METHOD: table_rows=1221, text_only=2
[2026-05-24 10:14:48] PARSE v9 BOG: policy_contrib=227, policy_spend=139
[2026-05-24 10:14:48] PARSE v9 OUTPUT: D:\Do an DS108\data\interim\parsed_event_prices_raw.csv
[2026-05-24 16:00:27] PARSE v9 (EtLT+SemanticTable+BulletRegex+BrokenLineNorm+RON95fix+OldFormatFix): start
[2026-05-24 16:05:12] PARSE v9 DONE: docs_with_html=308, docs_parsed=307, rows=1223, ok=877, partial=346
[2026-05-24 16:05:12] PARSE v9 METHOD: table_rows=1221, text_only=2
[2026-05-24 16:05:12] PARSE v9 BOG: policy_contrib=227, policy_spend=124
[2026-05-24 16:05:12] PARSE v9 OUTPUT: D:\Do an DS108\data\interim\parsed_event_prices_raw.csv
[2026-05-24 16:53:37] PARSE v9 (EtLT+SemanticTable+BulletRegex+BrokenLineNorm+RON95fix+OldFormatFix): start
[2026-05-24 16:54:19] PARSE v9 DONE: docs_with_html=308, docs_parsed=307, rows=1223, ok=897, partial=326
[2026-05-24 16:54:19] PARSE v9 METHOD: table_rows=1221, text_only=2
[2026-05-24 16:54:19] PARSE v9 BOG: policy_contrib=246, policy_spend=133
[2026-05-24 16:54:19] PARSE v9 OUTPUT: D:\Do an DS108\data\interim\parsed_event_prices_raw.csv
[2026-05-24 23:20:37] PARSE v9 (EtLT+SemanticTable+BulletRegex+BrokenLineNorm+RON95fix+OldFormatFix): start
[2026-05-24 23:21:19] PARSE v9 DONE: docs_with_html=308, docs_parsed=307, rows=1223, ok=877, partial=346
[2026-05-24 23:21:19] PARSE v9 METHOD: table_rows=1221, text_only=2
[2026-05-24 23:21:19] PARSE v9 BOG: policy_contrib=227, policy_spend=124
[2026-05-24 23:21:19] PARSE v9 OUTPUT: D:\Do an DS108\data\interim\parsed_event_prices_raw.csv
