[2026-05-25 09:37:53] PARSE v9 (EtLT+SemanticTable+BulletRegex+BrokenLineNorm+RON95fix+OldFormatFix): start
[2026-05-25 09:39:12] PARSE v9 DONE: docs_with_html=308, docs_parsed=307, rows=1222, ok=1124, partial=98
[2026-05-25 09:39:12] PARSE v9 METHOD: table_rows=1221, text_only=1
[2026-05-25 09:39:12] PARSE v9 BOG: policy_contrib=246, policy_spend=133
[2026-05-25 09:39:12] PARSE v9 OUTPUT: D:\Do an DS108\data\interim\parsed_event_prices_raw.csv
[2026-05-25 10:20:42] PARSE v11 (EtLT+SemanticTable+BulletRegex+BrokenLineNorm+RON95fix+OldFormatFix+AliasFixes): start
[2026-05-25 10:21:48] PARSE v11 DONE: docs_with_html=308, docs_parsed=307, rows=1222, ok=1150, partial=72
[2026-05-25 10:21:48] PARSE v11 METHOD: table_rows=1222, text_only=0
[2026-05-25 10:21:48] PARSE v11 BOG: policy_contrib=246, policy_spend=132
[2026-05-25 10:21:48] PARSE v11 OUTPUT: D:\Do an DS108\data\interim\parsed_event_prices_raw.csv
[2026-05-25 13:54:39] PARSE v12 (EtLT+SemanticTable+BulletRegex+BrokenLineNorm+RON95fix+OldFormatFix+AliasFixes+Post2018Guard): start
[2026-05-25 13:58:54] PARSE v12 DONE: docs_with_html=308, docs_parsed=307, rows=1222, ok=1136, partial=86
[2026-05-25 13:58:54] PARSE v12 METHOD: table_rows=1222, text_only=0
[2026-05-25 13:58:54] PARSE v12 BOG: policy_contrib=246, policy_spend=132
[2026-05-25 13:58:54] PARSE v12 OUTPUT: D:\Do an DS108\data\interim\parsed_event_prices_raw.csv
[2026-05-25 14:43:36] PARSE v13 (EtLT+SemanticTable+BulletRegex+HTMLBlockSlicing+RON95fix+OldFormatFix+AliasFixes+Post2018Guard): start
[2026-05-25 14:44:22] PARSE v13 DONE: docs_with_html=308, docs_parsed=307, rows=1222, ok=1173, partial=49
[2026-05-25 14:44:22] PARSE v13 METHOD: table_rows=1222, text_only=0
[2026-05-25 14:44:22] PARSE v13 BOG: policy_contrib=263, policy_spend=137
[2026-05-25 14:44:22] PARSE v13 OUTPUT: D:\Do an DS108\data\interim\parsed_event_prices_raw.csv
[2026-05-25 15:28:49] PARSE v14 (EtLT+SemanticTable+BulletRegex+HTMLBlockSlicing+Post2018Guard): start
[2026-05-25 15:29:33] PARSE v14 DONE: docs_with_html=308, docs_parsed=307, rows=1222, ok=1136, partial=86
[2026-05-25 15:29:33] PARSE v14 METHOD: table_rows=1222, text_only=0
[2026-05-25 15:29:33] PARSE v14 BOG: policy_contrib=242, policy_spend=130
[2026-05-25 15:29:33] PARSE v14 OUTPUT: D:\Do an DS108\data\interim\parsed_event_prices_raw.csv
[2026-05-25 15:54:23] PARSE v15 (EtLT+SemanticTable+BulletRegex+HTMLBlockSlicing+FuzzyMatch): start
[2026-05-25 15:55:22] PARSE v15 WARNING: output locked → D:\Do an DS108\data\interim\parsed_event_prices_raw_new.csv
[2026-05-25 15:55:22] PARSE v15 DONE: docs_with_html=308, docs_parsed=307, rows=1222, ok=1053, partial=169
[2026-05-25 15:55:22] PARSE v15 METHOD: table_rows=1175, text_only=47
[2026-05-25 15:55:22] PARSE v15 BOG: policy_contrib=206, policy_spend=146
[2026-05-25 15:55:22] PARSE v15 OUTPUT: D:\Do an DS108\data\interim\parsed_event_prices_raw.csv
[2026-05-25 16:06:01] PARSE v16 (EtLT+SemanticTable+BulletRegex+HTMLBlockSlicing+FuzzyMatch): start
[2026-05-25 16:06:45] PARSE v16 DONE: docs_with_html=308, docs_parsed=307, rows=1230, ok=1114, partial=116
[2026-05-25 16:06:45] PARSE v16 METHOD: table_rows=1222, text_only=8
[2026-05-25 16:06:45] PARSE v16 BOG: policy_contrib=245, policy_spend=155
[2026-05-25 16:06:45] PARSE v16 OUTPUT: D:\Do an DS108\data\interim\parsed_event_prices_raw.csv
[2026-05-25 16:24:10] PARSE v14 (EtLT+SemanticTable+BulletRegex+HTMLBlockSlicing+Post2018Guard): start
[2026-05-25 16:24:52] PARSE v14 DONE: docs_with_html=308, docs_parsed=307, rows=1222, ok=1136, partial=86
[2026-05-25 16:24:52] PARSE v14 METHOD: table_rows=1222, text_only=0
[2026-05-25 16:24:52] PARSE v14 BOG: policy_contrib=242, policy_spend=130
[2026-05-25 16:24:52] PARSE v14 OUTPUT: D:\Do an DS108\data\interim\parsed_event_prices_raw.csv
[2026-05-25 16:27:42] PARSE v16 (EtLT+SemanticTable+BulletRegex+HTMLBlockSlicing+FuzzyMatch): start
[2026-05-25 16:28:26] PARSE v16 DONE: docs_with_html=308, docs_parsed=307, rows=1230, ok=1114, partial=116
[2026-05-25 16:28:26] PARSE v16 METHOD: table_rows=1222, text_only=8
[2026-05-25 16:28:26] PARSE v16 BOG: policy_contrib=245, policy_spend=155
[2026-05-25 16:28:26] PARSE v16 OUTPUT: D:\Do an DS108\data\interim\parsed_event_prices_raw.csv
[2026-05-25 22:36:49] PARSE v17 (EtLT+SemanticTable+BulletRegex+HTMLBlockSlicing+FuzzyMatch): start
[2026-05-25 22:41:05] PARSE v17 DONE: docs_with_html=308, docs_parsed=307, rows=1223, ok=1119, partial=104
[2026-05-25 22:41:05] PARSE v17 METHOD: table_rows=1222, text_only=1
[2026-05-25 22:41:05] PARSE v17 BOG: policy_contrib=244, policy_spend=154
[2026-05-25 22:41:05] PARSE v17 OUTPUT: D:\Do an DS108\data\interim\parsed_event_prices_raw.csv
