[2026-04-20 15:42:18] DISCOVERY: start
[2026-04-20 15:42:39] DISCOVERY: keyword=thông báo điều hành giá bán xăng dầu
[2026-04-20 15:42:39] DISCOVERY: page=1
[2026-04-20 15:42:39] DISCOVERY: url=https://thuvienphapluat.vn/page/tim-van-ban.aspx?keyword=th%C3%B4ng+b%C3%A1o+%C4%91i%E1%BB%81u+h%C3%A0nh+gi%C3%A1+b%C3%A1n+x%C4%83ng+d%E1%BA%A7u&area=0&match=True&type=3&status=0&signer=0&sort=1&lan=1&scan=0&org=0&fields=&page=1
[2026-04-20 15:42:46] CURRENT_URL=https://thuvienphapluat.vn/page/tim-van-ban.aspx?keyword=th%C3%B4ng+b%C3%A1o+%C4%91i%E1%BB%81u+h%C3%A0nh+gi%C3%A1+b%C3%A1n+x%C4%83ng+d%E1%BA%A7u&area=0&match=True&type=3&status=0&signer=0&sort=1&lan=1&scan=0&org=0&fields=&page=1
[2026-04-20 15:42:46] PAGE_TITLE=Chờ một chút...
[2026-04-20 15:42:46] BODY_PREVIEW=thuvienphapluat.vn | Thực hiện xác minh bảo mật | Trang web này sử dụng dịch vụ bảo mật để chống bot độc hại. Trang này hiển thị trong khi trang web xác minh bạn không phải là bot. | Ray ID: 9ef2db5b7c21ce5e | Hiệu suất và Tính bảo mật của Cloudflare | Quyền riêng tư
[2026-04-20 15:42:47] HTML size=32570
[2026-04-20 15:42:47] DEBUG: total_a=2
[2026-04-20 15:42:47] DEBUG: cong_van_a=0
[2026-04-20 15:42:47] Parsed=0
[2026-04-20 15:42:48] DISCOVERY: page=2
[2026-04-20 15:42:48] DISCOVERY: url=https://thuvienphapluat.vn/page/tim-van-ban.aspx?keyword=th%C3%B4ng+b%C3%A1o+%C4%91i%E1%BB%81u+h%C3%A0nh+gi%C3%A1+b%C3%A1n+x%C4%83ng+d%E1%BA%A7u&area=0&match=True&type=3&status=0&signer=0&sort=1&lan=1&scan=0&org=0&fields=&page=2
[2026-04-20 15:42:52] CURRENT_URL=https://thuvienphapluat.vn/page/tim-van-ban.aspx?keyword=th%C3%B4ng+b%C3%A1o+%C4%91i%E1%BB%81u+h%C3%A0nh+gi%C3%A1+b%C3%A1n+x%C4%83ng+d%E1%BA%A7u&area=0&match=True&type=3&status=0&signer=0&sort=1&lan=1&scan=0&org=0&fields=&page=2
[2026-04-20 15:42:52] PAGE_TITLE=Chờ một chút...
[2026-04-20 15:42:52] BODY_PREVIEW=thuvienphapluat.vn | Thực hiện xác minh bảo mật | Trang web này sử dụng dịch vụ bảo mật để chống bot độc hại. Trang này hiển thị trong khi trang web xác minh bạn không phải là bot. | Ray ID: 9ef2db8eae8ece5e | Hiệu suất và Tính bảo mật của Cloudflare | Quyền riêng tư
[2026-04-20 15:42:52] HTML size=32570
[2026-04-20 15:42:52] DEBUG: total_a=2
[2026-04-20 15:42:52] DEBUG: cong_van_a=0
[2026-04-20 15:42:52] Parsed=0
[2026-04-20 15:42:53] DISCOVERY: page=3
[2026-04-20 15:42:53] DISCOVERY: url=https://thuvienphapluat.vn/page/tim-van-ban.aspx?keyword=th%C3%B4ng+b%C3%A1o+%C4%91i%E1%BB%81u+h%C3%A0nh+gi%C3%A1+b%C3%A1n+x%C4%83ng+d%E1%BA%A7u&area=0&match=True&type=3&status=0&signer=0&sort=1&lan=1&scan=0&org=0&fields=&page=3
[2026-04-20 15:42:58] CURRENT_URL=https://thuvienphapluat.vn/page/tim-van-ban.aspx?keyword=th%C3%B4ng+b%C3%A1o+%C4%91i%E1%BB%81u+h%C3%A0nh+gi%C3%A1+b%C3%A1n+x%C4%83ng+d%E1%BA%A7u&area=0&match=True&type=3&status=0&signer=0&sort=1&lan=1&scan=0&org=0&fields=&page=3
[2026-04-20 15:42:58] PAGE_TITLE=Chờ một chút...
[2026-04-20 15:42:58] BODY_PREVIEW=thuvienphapluat.vn | Đang xác minh bạn là người. Quá trình này có thể mất vài giây. | Trang web này sử dụng dịch vụ bảo mật để chống bot độc hại. Trang này hiển thị trong khi trang web xác minh bạn không phải là bot. | Ray ID: 9ef2dbb3a927ce5e | Hiệu suất và Tính bảo mật của Cloudflare | Quyền riêng tư
[2026-04-20 15:42:58] HTML size=32606
[2026-04-20 15:42:58] DEBUG: total_a=2
[2026-04-20 15:42:58] DEBUG: cong_van_a=0
[2026-04-20 15:42:58] Parsed=0
[2026-04-20 15:42:59] DISCOVERY: keyword=thông báo giá bán xăng dầu
[2026-04-20 15:42:59] DISCOVERY: page=1
[2026-04-20 15:42:59] DISCOVERY: url=https://thuvienphapluat.vn/page/tim-van-ban.aspx?keyword=th%C3%B4ng+b%C3%A1o+gi%C3%A1+b%C3%A1n+x%C4%83ng+d%E1%BA%A7u&area=0&match=True&type=3&status=0&signer=0&sort=1&lan=1&scan=0&org=0&fields=&page=1
[2026-04-20 15:43:03] CURRENT_URL=https://thuvienphapluat.vn/page/tim-van-ban.aspx?keyword=th%C3%B4ng+b%C3%A1o+gi%C3%A1+b%C3%A1n+x%C4%83ng+d%E1%BA%A7u&area=0&match=True&type=3&status=0&signer=0&sort=1&lan=1&scan=0&org=0&fields=&page=1
[2026-04-20 15:43:03] PAGE_TITLE=Chờ một chút...
[2026-04-20 15:43:03] BODY_PREVIEW=thuvienphapluat.vn | Đang xác minh bạn là người. Quá trình này có thể mất vài giây. | Trang web này sử dụng dịch vụ bảo mật để chống bot độc hại. Trang này hiển thị trong khi trang web xác minh bạn không phải là bot. | Ray ID: 9ef2dbd57fb7ce5e | Hiệu suất và Tính bảo mật của Cloudflare | Quyền riêng tư
[2026-04-20 15:43:03] HTML size=32479
[2026-04-20 15:43:03] DEBUG: total_a=2
[2026-04-20 15:43:03] DEBUG: cong_van_a=0
[2026-04-20 15:43:03] Parsed=0
[2026-04-20 15:43:04] DISCOVERY: page=2
[2026-04-20 15:43:04] DISCOVERY: url=https://thuvienphapluat.vn/page/tim-van-ban.aspx?keyword=th%C3%B4ng+b%C3%A1o+gi%C3%A1+b%C3%A1n+x%C4%83ng+d%E1%BA%A7u&area=0&match=True&type=3&status=0&signer=0&sort=1&lan=1&scan=0&org=0&fields=&page=2
[2026-04-20 15:43:09] CURRENT_URL=https://thuvienphapluat.vn/page/tim-van-ban.aspx?keyword=th%C3%B4ng+b%C3%A1o+gi%C3%A1+b%C3%A1n+x%C4%83ng+d%E1%BA%A7u&area=0&match=True&type=3&status=0&signer=0&sort=1&lan=1&scan=0&org=0&fields=&page=2
[2026-04-20 15:43:09] PAGE_TITLE=Chờ một chút...
[2026-04-20 15:43:09] BODY_PREVIEW=thuvienphapluat.vn | Thực hiện xác minh bảo mật | Trang web này sử dụng dịch vụ bảo mật để chống bot độc hại. Trang này hiển thị trong khi trang web xác minh bạn không phải là bot. | Ray ID: 9ef2dbf6df88ce5e | Hiệu suất và Tính bảo mật của Cloudflare | Quyền riêng tư
[2026-04-20 15:43:09] HTML size=32443
[2026-04-20 15:43:09] DEBUG: total_a=2
[2026-04-20 15:43:09] DEBUG: cong_van_a=0
[2026-04-20 15:43:09] Parsed=0
[2026-04-20 15:43:10] DISCOVERY: page=3
[2026-04-20 15:43:10] DISCOVERY: url=https://thuvienphapluat.vn/page/tim-van-ban.aspx?keyword=th%C3%B4ng+b%C3%A1o+gi%C3%A1+b%C3%A1n+x%C4%83ng+d%E1%BA%A7u&area=0&match=True&type=3&status=0&signer=0&sort=1&lan=1&scan=0&org=0&fields=&page=3
[2026-04-20 15:43:14] CURRENT_URL=https://thuvienphapluat.vn/page/tim-van-ban.aspx?keyword=th%C3%B4ng+b%C3%A1o+gi%C3%A1+b%C3%A1n+x%C4%83ng+d%E1%BA%A7u&area=0&match=True&type=3&status=0&signer=0&sort=1&lan=1&scan=0&org=0&fields=&page=3
[2026-04-20 15:43:14] PAGE_TITLE=Chờ một chút...
[2026-04-20 15:43:14] BODY_PREVIEW=thuvienphapluat.vn | Thực hiện xác minh bảo mật | Trang web này sử dụng dịch vụ bảo mật để chống bot độc hại. Trang này hiển thị trong khi trang web xác minh bạn không phải là bot. | Ray ID: 9ef2dc18ff85ce5e | Hiệu suất và Tính bảo mật của Cloudflare | Quyền riêng tư
[2026-04-20 15:43:14] HTML size=32443
[2026-04-20 15:43:14] DEBUG: total_a=2
[2026-04-20 15:43:14] DEBUG: cong_van_a=0
[2026-04-20 15:43:14] Parsed=0
[2026-04-20 15:43:17] DISCOVERY DONE: 0 rows
[2026-04-20 15:52:01] DISCOVERY: start
[2026-04-20 15:52:02] WARMUP_STATUS=200
[2026-04-20 15:52:04] DISCOVERY: keyword=thông báo điều hành giá bán xăng dầu
[2026-04-20 15:52:04] DISCOVERY: page=1
[2026-04-20 15:52:04] DISCOVERY: url=https://thuvienphapluat.vn/page/tim-van-ban.aspx?keyword=th%C3%B4ng+b%C3%A1o+%C4%91i%E1%BB%81u+h%C3%A0nh+gi%C3%A1+b%C3%A1n+x%C4%83ng+d%E1%BA%A7u&area=0&match=True&type=3&status=0&signer=0&sort=1&lan=1&scan=0&org=0&fields=&page=1
[2026-04-20 15:52:04] ERROR: 403 Client Error: Forbidden for url: https://thuvienphapluat.vn/page/tim-van-ban.aspx?keyword=th%C3%B4ng+b%C3%A1o+%C4%91i%E1%BB%81u+h%C3%A0nh+gi%C3%A1+b%C3%A1n+x%C4%83ng+d%E1%BA%A7u&area=0&match=True&type=3&status=0&signer=0&sort=1&lan=1&scan=0&org=0&fields=&page=1
[2026-04-20 15:52:04] DISCOVERY: page=2
[2026-04-20 15:52:04] DISCOVERY: url=https://thuvienphapluat.vn/page/tim-van-ban.aspx?keyword=th%C3%B4ng+b%C3%A1o+%C4%91i%E1%BB%81u+h%C3%A0nh+gi%C3%A1+b%C3%A1n+x%C4%83ng+d%E1%BA%A7u&area=0&match=True&type=3&status=0&signer=0&sort=1&lan=1&scan=0&org=0&fields=&page=2
[2026-04-20 15:52:05] ERROR: 403 Client Error: Forbidden for url: https://thuvienphapluat.vn/page/tim-van-ban.aspx?keyword=th%C3%B4ng+b%C3%A1o+%C4%91i%E1%BB%81u+h%C3%A0nh+gi%C3%A1+b%C3%A1n+x%C4%83ng+d%E1%BA%A7u&area=0&match=True&type=3&status=0&signer=0&sort=1&lan=1&scan=0&org=0&fields=&page=2
[2026-04-20 15:52:05] DISCOVERY: page=3
[2026-04-20 15:52:05] DISCOVERY: url=https://thuvienphapluat.vn/page/tim-van-ban.aspx?keyword=th%C3%B4ng+b%C3%A1o+%C4%91i%E1%BB%81u+h%C3%A0nh+gi%C3%A1+b%C3%A1n+x%C4%83ng+d%E1%BA%A7u&area=0&match=True&type=3&status=0&signer=0&sort=1&lan=1&scan=0&org=0&fields=&page=3
[2026-04-20 15:52:05] ERROR: 403 Client Error: Forbidden for url: https://thuvienphapluat.vn/page/tim-van-ban.aspx?keyword=th%C3%B4ng+b%C3%A1o+%C4%91i%E1%BB%81u+h%C3%A0nh+gi%C3%A1+b%C3%A1n+x%C4%83ng+d%E1%BA%A7u&area=0&match=True&type=3&status=0&signer=0&sort=1&lan=1&scan=0&org=0&fields=&page=3
[2026-04-20 15:52:05] DISCOVERY: keyword=thông báo giá bán xăng dầu
[2026-04-20 15:52:05] DISCOVERY: page=1
[2026-04-20 15:52:05] DISCOVERY: url=https://thuvienphapluat.vn/page/tim-van-ban.aspx?keyword=th%C3%B4ng+b%C3%A1o+gi%C3%A1+b%C3%A1n+x%C4%83ng+d%E1%BA%A7u&area=0&match=True&type=3&status=0&signer=0&sort=1&lan=1&scan=0&org=0&fields=&page=1
[2026-04-20 15:52:06] ERROR: 403 Client Error: Forbidden for url: https://thuvienphapluat.vn/page/tim-van-ban.aspx?keyword=th%C3%B4ng+b%C3%A1o+gi%C3%A1+b%C3%A1n+x%C4%83ng+d%E1%BA%A7u&area=0&match=True&type=3&status=0&signer=0&sort=1&lan=1&scan=0&org=0&fields=&page=1
[2026-04-20 15:52:06] DISCOVERY: page=2
[2026-04-20 15:52:06] DISCOVERY: url=https://thuvienphapluat.vn/page/tim-van-ban.aspx?keyword=th%C3%B4ng+b%C3%A1o+gi%C3%A1+b%C3%A1n+x%C4%83ng+d%E1%BA%A7u&area=0&match=True&type=3&status=0&signer=0&sort=1&lan=1&scan=0&org=0&fields=&page=2
[2026-04-20 15:52:07] ERROR: 403 Client Error: Forbidden for url: https://thuvienphapluat.vn/page/tim-van-ban.aspx?keyword=th%C3%B4ng+b%C3%A1o+gi%C3%A1+b%C3%A1n+x%C4%83ng+d%E1%BA%A7u&area=0&match=True&type=3&status=0&signer=0&sort=1&lan=1&scan=0&org=0&fields=&page=2
[2026-04-20 15:52:07] DISCOVERY: page=3
[2026-04-20 15:52:07] DISCOVERY: url=https://thuvienphapluat.vn/page/tim-van-ban.aspx?keyword=th%C3%B4ng+b%C3%A1o+gi%C3%A1+b%C3%A1n+x%C4%83ng+d%E1%BA%A7u&area=0&match=True&type=3&status=0&signer=0&sort=1&lan=1&scan=0&org=0&fields=&page=3
[2026-04-20 15:52:07] ERROR: 403 Client Error: Forbidden for url: https://thuvienphapluat.vn/page/tim-van-ban.aspx?keyword=th%C3%B4ng+b%C3%A1o+gi%C3%A1+b%C3%A1n+x%C4%83ng+d%E1%BA%A7u&area=0&match=True&type=3&status=0&signer=0&sort=1&lan=1&scan=0&org=0&fields=&page=3
[2026-04-20 15:52:07] DISCOVERY DONE: 0 rows
[2026-04-20 16:02:14] DISCOVERY: start (seed-based mode)
[2026-04-20 16:02:14] DISCOVERY: seed file empty or not found
[2026-04-20 16:02:14] DISCOVERY DONE: 2 rows
[2026-04-20 16:02:58] DISCOVERY: start (seed-based mode)
[2026-04-20 16:02:58] DISCOVERY: seed file empty or not found
[2026-04-20 16:02:58] DISCOVERY DONE: 2 rows
[2026-04-20 16:18:54] DISCOVERY: start (seed-based mode)
[2026-04-20 16:18:54] DISCOVERY: seed file empty or not found
[2026-04-20 16:18:54] DISCOVERY DONE: 2 rows
[2026-04-20 16:19:07] FETCH STATUS: 200 | https://thuvienphapluat.vn/cong-van/Thuong-mai/Cong-van-2642-BCT-TTTN-2026-thong-bao-dieu-hanh-gia-ban-xang-dau-701937.aspx
[2026-04-20 16:19:07] FETCH BLOCKED: https://thuvienphapluat.vn/cong-van/Thuong-mai/Cong-van-2642-BCT-TTTN-2026-thong-bao-dieu-hanh-gia-ban-xang-dau-701937.aspx
[2026-04-20 16:19:09] FETCH STATUS: 200 | https://thuvienphapluat.vn/cong-van/Thuong-mai/Cong-van-2428-BCT-TTTN-2026-thong-bao-dieu-hanh-gia-ban-xang-dau-700615.aspx
[2026-04-20 16:19:09] FETCH BLOCKED: https://thuvienphapluat.vn/cong-van/Thuong-mai/Cong-van-2428-BCT-TTTN-2026-thong-bao-dieu-hanh-gia-ban-xang-dau-700615.aspx
[2026-04-20 16:19:10] FETCH DONE: fetched=0, blocked=2, invalid=0, failed=0
