[2026-05-12 06:31:09] PARSE RAW HYBRID: start parse_document_content
[2026-05-12 06:31:10] PARSE RAW HYBRID ERROR: doc_id=90c5209410d3139e | name 'parse_base_prices_raw' is not defined
[2026-05-12 06:31:10] PARSE RAW HYBRID ERROR: doc_id=7090572f802d5049 | name 'parse_base_prices_raw' is not defined
[2026-05-12 06:31:11] PARSE RAW HYBRID ERROR: doc_id=896e0a3f91d55e45 | name 'parse_base_prices_raw' is not defined
[2026-05-12 06:31:12] PARSE RAW HYBRID ERROR: doc_id=5038f03bf8420274 | name 'parse_base_prices_raw' is not defined
[2026-05-12 06:31:12] PARSE RAW HYBRID ERROR: doc_id=cd334f1809ca70cb | name 'parse_base_prices_raw' is not defined
[2026-05-12 06:31:13] PARSE RAW HYBRID ERROR: doc_id=f7f6307c25f1bd85 | name 'parse_base_prices_raw' is not defined
[2026-05-12 06:31:13] PARSE RAW HYBRID ERROR: doc_id=bf9489af04f85357 | name 'parse_base_prices_raw' is not defined
[2026-05-12 06:31:14] PARSE RAW HYBRID ERROR: doc_id=4140a899a2cfcefd | name 'parse_base_prices_raw' is not defined
[2026-05-12 06:31:15] PARSE RAW HYBRID ERROR: doc_id=6809720dbebd9a21 | name 'parse_base_prices_raw' is not defined
[2026-05-12 06:31:16] PARSE RAW HYBRID ERROR: doc_id=48cea29f6701993d | name 'parse_base_prices_raw' is not defined
[2026-05-12 06:31:17] PARSE RAW HYBRID ERROR: doc_id=a874d5794c21461f | name 'parse_base_prices_raw' is not defined
[2026-05-12 06:31:18] PARSE RAW HYBRID ERROR: doc_id=7ceb92855164dccc | name 'parse_base_prices_raw' is not defined
[2026-05-12 06:31:18] PARSE RAW HYBRID ERROR: doc_id=84b6eb81c9fa9228 | name 'parse_base_prices_raw' is not defined
[2026-05-12 06:35:26] PARSE RAW HYBRID: start parse_document_content
[2026-05-12 06:40:02] PARSE RAW HYBRID DONE: docs_with_html=308, docs_parsed=308, rows=1232
[2026-05-12 06:40:02] PARSE RAW HYBRID STATUS: parsed_ok_rows=490, parsed_partial_rows=742
[2026-05-12 06:40:02] PARSE RAW HYBRID OUTPUT: D:\Do an DS108\data\interim\parsed_event_prices_raw.csv
[2026-05-12 08:58:23] PARSE RAW REWRITE: start parse_document_content
[2026-05-12 08:59:08] PARSE RAW REWRITE DONE: docs_with_html=308, docs_parsed=308, rows=1232
[2026-05-12 08:59:08] PARSE RAW REWRITE STATUS: parsed_ok_rows=633, parsed_partial_rows=599
[2026-05-12 08:59:08] PARSE RAW REWRITE OUTPUT: D:\Do an DS108\data\interim\parsed_event_prices_raw.csv
[2026-05-12 09:16:15] PARSE RAW FINAL: start parse_document_content
[2026-05-12 09:17:28] PARSE RAW FINAL DONE: docs_with_html=308, docs_parsed=308, rows=1232
[2026-05-12 09:17:28] PARSE RAW FINAL STATUS: parsed_ok_rows=671, parsed_partial_rows=561
[2026-05-12 09:17:28] PARSE RAW FINAL OUTPUT: D:\Do an DS108\data\interim\parsed_event_prices_raw.csv
[2026-05-12 09:44:07] PARSE RAW FINAL V2: start parse_document_content
[2026-05-12 09:45:20] PARSE RAW FINAL V2 DONE: docs_with_html=308, docs_parsed=308, rows=1232
[2026-05-12 09:45:20] PARSE RAW FINAL V2 STATUS: parsed_ok_rows=731, parsed_partial_rows=501
[2026-05-12 09:45:20] PARSE RAW FINAL V2 OUTPUT: D:\Do an DS108\data\interim\parsed_event_prices_raw.csv
[2026-05-12 10:04:09] PARSE RAW FINAL V3: start parse_document_content
[2026-05-12 10:05:19] PARSE RAW FINAL V3 DONE: docs_with_html=308, docs_parsed=308, rows=1848
[2026-05-12 10:05:19] PARSE RAW FINAL V3 STATUS: parsed_ok_rows=1058, parsed_partial_rows=790
[2026-05-12 10:05:19] PARSE RAW FINAL V3 OUTPUT: D:\Do an DS108\data\interim\parsed_event_prices_raw.csv
[2026-05-12 10:20:50] PARSE RAW v3: start parse_document_content
[2026-05-12 10:21:38] PARSE RAW v3 DONE: docs_with_html=308, docs_parsed=308, rows=1232
[2026-05-12 10:21:38] PARSE RAW v3 STATUS: parsed_ok_rows=844, parsed_partial_rows=388
[2026-05-12 10:21:38] PARSE RAW v3 OUTPUT: D:\Do an DS108\data\interim\parsed_event_prices_raw.csv
[2026-05-12 23:20:49] PARSE RAW permissive: start parse_document_content
[2026-05-12 23:25:51] PARSE RAW permissive DONE: docs_with_html=308, docs_parsed=308, rows=1232
[2026-05-12 23:25:51] PARSE RAW permissive STATUS: parsed_ok_rows=858, parsed_partial_rows=374
[2026-05-12 23:25:51] PARSE RAW permissive OUTPUT: D:\Do an DS108\data\interim\parsed_event_prices_raw.csv
[2026-05-12 23:36:27] PARSE RAW STRICT: start
[2026-05-12 23:37:12] PARSE RAW STRICT DONE: ok=1162, partial=686
[2026-05-12 23:41:50] PARSE RAW LIGHT: start parse_document_content
[2026-05-12 23:42:52] PARSE RAW LIGHT DONE: docs_with_html=308, docs_parsed=308, rows=1232
[2026-05-12 23:42:52] PARSE RAW LIGHT STATUS: parsed_ok_rows=857, parsed_partial_rows=375
[2026-05-12 23:42:52] PARSE RAW LIGHT OUTPUT: D:\Do an DS108\data\interim\parsed_event_prices_raw.csv
