[2026-05-18 19:57:04] PARSE RAW v5 (EtLT + SemanticTable): start
[2026-05-18 20:01:44] PARSE RAW v5 DONE: docs_with_html=308, docs_parsed=307, rows=1230, ok=762, partial=468
[2026-05-18 20:01:44] PARSE RAW v5 METHOD: table_rows=1221, text_only_rows=9
[2026-05-18 20:01:44] PARSE RAW v5 OUTPUT: D:\Do an DS108\data\interim\parsed_event_prices_raw.csv
[2026-05-18 20:51:45] PARSE v6 (EtLT + SemanticTable + BulletRegex): start
[2026-05-18 20:53:52] PARSE v6 WARNING [6d08ab2941258dc4]: cannot find 'kỳ công bố' col → fallback to col 2 (uncertain)
[2026-05-18 20:53:59] PARSE v6 WARNING [7509c8d23c4692d4]: cannot find 'kỳ công bố' col → fallback to col 2 (uncertain)
[2026-05-18 20:54:00] PARSE v6 WARNING [309c486d77f4e113]: cannot find 'kỳ công bố' col → fallback to col 2 (uncertain)
[2026-05-18 20:54:00] PARSE v6 WARNING [4a4221308ef4c877]: cannot find 'kỳ công bố' col → fallback to col 2 (uncertain)
[2026-05-18 20:54:03] PARSE v6 WARNING [f58ac09cd7c09323]: cannot find 'kỳ công bố' col → fallback to col 2 (uncertain)
[2026-05-18 20:54:04] PARSE v6 WARNING [10930402cc504c28]: cannot find 'kỳ công bố' col → fallback to col 2 (uncertain)
[2026-05-18 20:54:05] PARSE v6 WARNING [194ebffe91342525]: cannot find 'kỳ công bố' col → fallback to col 2 (uncertain)
[2026-05-18 20:54:07] PARSE v6 WARNING [3169e41d1ed980b2]: cannot find 'kỳ công bố' col → fallback to col 2 (uncertain)
[2026-05-18 20:54:37] PARSE v6 WARNING [b57be55ed50a7b2c]: cannot find 'kỳ công bố' col → fallback to col 2 (uncertain)
[2026-05-18 20:55:11] PARSE v6 WARNING [f817be78e4864682]: cannot find 'kỳ công bố' col → fallback to col 2 (uncertain)
[2026-05-18 20:55:20] PARSE v6 WARNING [2b52886eadb9dca5]: cannot find 'kỳ công bố' col → fallback to col 2 (uncertain)
[2026-05-18 20:55:22] PARSE v6 WARNING [418464c82c79b946]: cannot find 'kỳ công bố' col → fallback to col 2 (uncertain)
[2026-05-18 20:55:36] PARSE v6 WARNING [ccb4d4d41d57ecf3]: cannot find 'kỳ công bố' col → fallback to col 2 (uncertain)
[2026-05-18 20:56:15] PARSE v6 WARNING: output locked → D:\Do an DS108\data\interim\parsed_event_prices_raw_new.csv
[2026-05-18 20:56:15] PARSE v6 DONE: docs_with_html=308, docs_parsed=307, rows=1225, ok=577, partial=648
[2026-05-18 20:56:15] PARSE v6 METHOD: table_rows=1221, text_only_rows=4, uncertain_col=52
[2026-05-18 20:56:15] PARSE v6 BOG: policy_contrib=189, policy_spend=29
[2026-05-18 20:56:15] PARSE v6 OUTPUT: D:\Do an DS108\data\interim\parsed_event_prices_raw.csv
