[2026-04-22 12:44:03] DISCOVERY: start (update-only mode)
[2026-04-22 12:44:04] DISCOVERY: page=1
[2026-04-22 12:44:04] DISCOVERY: url=https://thuvienphapluat.vn/page/tim-van-ban.aspx?keyword=%C4%91i%E1%BB%81u+h%C3%A0nh&area=0&type=3&status=0&lan=1&org=0&signer=0&match=True&sort=1&bdate=20%2F04%2F1946&edate=21%2F04%2F2026&page=1
[2026-04-22 12:44:12] PAGE_TITLE=Tra cứu Công Văn điều hành
[2026-04-22 12:44:12] BODY_PREVIEW=THƯ VIỆN PHÁP LUẬT | Trang Thông tin điện tử tổng hợp | ...loại rủi ro pháp lý, nắm cơ hội làm giàu... | Các gói dịch vụ | Chính sách Pháp luật mới | Pháp Luật | Liên hệ |  Danh mục    | Sơ đồ WebSite   Giới thiệu  Hướng dẫn sử dụng   Rss   Homepage    Widget | Quảng cáo | i | Tra cứu Công Văn điều hành | Từ khoá: Số Hiệu, Tiêu đề hoặc Nội dung ngắn gọn của Văn Bản...(Lưu ý khi tìm kiếm) | Tìm trong: Tất cả Tiêu đề văn bản
[2026-04-22 12:44:12] SAVED_SEARCH_HTML=D:\Do an DS108\data\raw\search_pages\update_page_001.html
[2026-04-22 12:44:12] PAGE_STATUS=ok
[2026-04-22 12:44:12] DISCOVERY: found 19 docs on page 1
[2026-04-22 12:44:12] DISCOVERY: page=2
[2026-04-22 12:44:12] DISCOVERY: url=https://thuvienphapluat.vn/page/tim-van-ban.aspx?keyword=%C4%91i%E1%BB%81u+h%C3%A0nh&area=0&type=3&status=0&lan=1&org=0&signer=0&match=True&sort=1&bdate=20%2F04%2F1946&edate=21%2F04%2F2026&page=2
[2026-04-22 12:44:19] PAGE_TITLE=Tra cứu Công Văn điều hành
[2026-04-22 12:44:19] BODY_PREVIEW=THƯ VIỆN PHÁP LUẬT | Trang Thông tin điện tử tổng hợp | ...loại rủi ro pháp lý, nắm cơ hội làm giàu... | Các gói dịch vụ | Chính sách Pháp luật mới | Pháp Luật | Liên hệ |  Danh mục    | Sơ đồ WebSite   Giới thiệu  Hướng dẫn sử dụng   Rss   Homepage    Widget | Quảng cáo | i | Tra cứu Công Văn điều hành | Từ khoá: Số Hiệu, Tiêu đề hoặc Nội dung ngắn gọn của Văn Bản...(Lưu ý khi tìm kiếm) | Tìm trong: Tất cả Tiêu đề văn bản
[2026-04-22 12:44:19] SAVED_SEARCH_HTML=D:\Do an DS108\data\raw\search_pages\update_page_002.html
[2026-04-22 12:44:19] PAGE_STATUS=ok
[2026-04-22 12:44:19] DISCOVERY: found 20 docs on page 2
[2026-04-22 12:44:19] DISCOVERY: page=3
[2026-04-22 12:44:19] DISCOVERY: url=https://thuvienphapluat.vn/page/tim-van-ban.aspx?keyword=%C4%91i%E1%BB%81u+h%C3%A0nh&area=0&type=3&status=0&lan=1&org=0&signer=0&match=True&sort=1&bdate=20%2F04%2F1946&edate=21%2F04%2F2026&page=3
[2026-04-22 12:44:26] PAGE_TITLE=Tra cứu Công Văn điều hành
[2026-04-22 12:44:26] BODY_PREVIEW=THƯ VIỆN PHÁP LUẬT | Trang Thông tin điện tử tổng hợp | ...loại rủi ro pháp lý, nắm cơ hội làm giàu... | Các gói dịch vụ | Chính sách Pháp luật mới | Pháp Luật | Liên hệ |  Danh mục    | Sơ đồ WebSite   Giới thiệu  Hướng dẫn sử dụng   Rss   Homepage    Widget | Quảng cáo | i | Tra cứu Công Văn điều hành | Từ khoá: Số Hiệu, Tiêu đề hoặc Nội dung ngắn gọn của Văn Bản...(Lưu ý khi tìm kiếm) | Tìm trong: Tất cả Tiêu đề văn bản
[2026-04-22 12:44:26] SAVED_SEARCH_HTML=D:\Do an DS108\data\raw\search_pages\update_page_003.html
[2026-04-22 12:44:26] PAGE_STATUS=ok
[2026-04-22 12:44:26] DISCOVERY: found 20 docs on page 3
[2026-04-22 12:46:52] DISCOVERY: start (update-only mode)
[2026-04-22 12:46:52] DISCOVERY: page=1
[2026-04-22 12:46:52] DISCOVERY: url=https://thuvienphapluat.vn/page/tim-van-ban.aspx?keyword=%C4%91i%E1%BB%81u+h%C3%A0nh&area=0&type=3&status=0&lan=1&org=0&signer=0&match=True&sort=1&bdate=20%2F04%2F1946&edate=21%2F04%2F2026&page=1
[2026-04-22 12:47:01] PAGE_TITLE=Tra cứu Công Văn điều hành
[2026-04-22 12:47:01] BODY_PREVIEW=THƯ VIỆN PHÁP LUẬT | Trang Thông tin điện tử tổng hợp | ...loại rủi ro pháp lý, nắm cơ hội làm giàu... | Các gói dịch vụ | Chính sách Pháp luật mới | Pháp Luật | Liên hệ |  Danh mục    | Sơ đồ WebSite   Giới thiệu  Hướng dẫn sử dụng   Rss   Homepage    Widget | Quảng cáo | i | Tra cứu Công Văn điều hành | Từ khoá: Số Hiệu, Tiêu đề hoặc Nội dung ngắn gọn của Văn Bản...(Lưu ý khi tìm kiếm) | Tìm trong: Tất cả Tiêu đề văn bản
[2026-04-22 12:47:01] SAVED_SEARCH_HTML=D:\Do an DS108\data\raw\search_pages\update_page_001.html
[2026-04-22 12:47:01] PAGE_STATUS=ok
[2026-04-22 12:47:01] DISCOVERY: found 19 docs on page 1
[2026-04-22 12:47:01] DISCOVERY: page=2
[2026-04-22 12:47:01] DISCOVERY: url=https://thuvienphapluat.vn/page/tim-van-ban.aspx?keyword=%C4%91i%E1%BB%81u+h%C3%A0nh&area=0&type=3&status=0&lan=1&org=0&signer=0&match=True&sort=1&bdate=20%2F04%2F1946&edate=21%2F04%2F2026&page=2
[2026-04-22 12:47:08] PAGE_TITLE=Tra cứu Công Văn điều hành
[2026-04-22 12:47:08] BODY_PREVIEW=THƯ VIỆN PHÁP LUẬT | Trang Thông tin điện tử tổng hợp | ...loại rủi ro pháp lý, nắm cơ hội làm giàu... | Các gói dịch vụ | Chính sách Pháp luật mới | Pháp Luật | Liên hệ |  Danh mục    | Sơ đồ WebSite   Giới thiệu  Hướng dẫn sử dụng   Rss   Homepage    Widget | Quảng cáo | i | Tra cứu Công Văn điều hành | Từ khoá: Số Hiệu, Tiêu đề hoặc Nội dung ngắn gọn của Văn Bản...(Lưu ý khi tìm kiếm) | Tìm trong: Tất cả Tiêu đề văn bản
[2026-04-22 12:47:08] SAVED_SEARCH_HTML=D:\Do an DS108\data\raw\search_pages\update_page_002.html
[2026-04-22 12:47:08] PAGE_STATUS=ok
[2026-04-22 12:47:08] DISCOVERY: found 20 docs on page 2
[2026-04-22 12:47:08] DISCOVERY: page=3
[2026-04-22 12:47:08] DISCOVERY: url=https://thuvienphapluat.vn/page/tim-van-ban.aspx?keyword=%C4%91i%E1%BB%81u+h%C3%A0nh&area=0&type=3&status=0&lan=1&org=0&signer=0&match=True&sort=1&bdate=20%2F04%2F1946&edate=21%2F04%2F2026&page=3
[2026-04-22 12:47:16] PAGE_TITLE=Tra cứu Công Văn điều hành
[2026-04-22 12:47:16] BODY_PREVIEW=THƯ VIỆN PHÁP LUẬT | Trang Thông tin điện tử tổng hợp | ...loại rủi ro pháp lý, nắm cơ hội làm giàu... | Các gói dịch vụ | Chính sách Pháp luật mới | Pháp Luật | Liên hệ |  Danh mục    | Sơ đồ WebSite   Giới thiệu  Hướng dẫn sử dụng   Rss   Homepage    Widget | Quảng cáo | i | Tra cứu Công Văn điều hành | Từ khoá: Số Hiệu, Tiêu đề hoặc Nội dung ngắn gọn của Văn Bản...(Lưu ý khi tìm kiếm) | Tìm trong: Tất cả Tiêu đề văn bản
[2026-04-22 12:47:16] SAVED_SEARCH_HTML=D:\Do an DS108\data\raw\search_pages\update_page_003.html
[2026-04-22 12:47:16] PAGE_STATUS=ok
[2026-04-22 12:47:16] DISCOVERY: found 20 docs on page 3
[2026-04-22 12:47:18] PAGE_AUDIT_SAVED=D:\Do an DS108\data\raw\search_pages\page_audit.csv
[2026-04-22 12:47:18] DISCOVERY DONE: old=293, added=1, merged=294
[2026-04-22 12:47:40] FETCH STATUS: 200 | https://thuvienphapluat.vn/cong-van/Thuong-mai/Cong-van-4904-BCT-TTTN-2025-dieu-hanh-kinh-doanh-xang-dau-663531.aspx
[2026-04-22 12:47:40] FETCH RETRY SUCCESS: https://thuvienphapluat.vn/cong-van/Thuong-mai/Cong-van-4904-BCT-TTTN-2025-dieu-hanh-kinh-doanh-xang-dau-663531.aspx
[2026-04-22 12:47:42] FETCH STATUS: 200 | https://thuvienphapluat.vn/cong-van/Thuong-mai/Cong-van-4065-BCT-TTTN-2024-dieu-hanh-kinh-doanh-xang-dau-613437.aspx
[2026-04-22 12:47:42] FETCH RETRY SUCCESS: https://thuvienphapluat.vn/cong-van/Thuong-mai/Cong-van-4065-BCT-TTTN-2024-dieu-hanh-kinh-doanh-xang-dau-613437.aspx
[2026-04-22 12:47:43] FETCH STATUS: 200 | https://thuvienphapluat.vn/cong-van/Thuong-mai/Cong-van-3845-BCT-TTTN-2024-quy-dinh-dieu-hanh-kinh-doanh-xang-dau-612766.aspx
[2026-04-22 12:47:43] FETCH RETRY SUCCESS: https://thuvienphapluat.vn/cong-van/Thuong-mai/Cong-van-3845-BCT-TTTN-2024-quy-dinh-dieu-hanh-kinh-doanh-xang-dau-612766.aspx
[2026-04-22 12:47:45] FETCH STATUS: 200 | https://thuvienphapluat.vn/cong-van/Thuong-mai/Cong-van-7075-BCT-TTTN-2023-dieu-hanh-kinh-doanh-xang-dau-581994.aspx
[2026-04-22 12:47:45] FETCH RETRY SUCCESS: https://thuvienphapluat.vn/cong-van/Thuong-mai/Cong-van-7075-BCT-TTTN-2023-dieu-hanh-kinh-doanh-xang-dau-581994.aspx
[2026-04-22 12:47:46] FETCH STATUS: 200 | https://thuvienphapluat.vn/cong-van/Thuong-mai/Cong-van-5938-BCT-TTTN-2022-dieu-hanh-kinh-doanh-xang-dau-531074.aspx
[2026-04-22 12:47:46] FETCH RETRY SUCCESS: https://thuvienphapluat.vn/cong-van/Thuong-mai/Cong-van-5938-BCT-TTTN-2022-dieu-hanh-kinh-doanh-xang-dau-531074.aspx
[2026-04-22 12:47:48] FETCH STATUS: 200 | https://thuvienphapluat.vn/cong-van/Thuong-mai/Cong-van-3753-BCT-TTTN-2021-dieu-hanh-kinh-doanh-xang-dau-479188.aspx
[2026-04-22 12:47:48] FETCH RETRY SUCCESS: https://thuvienphapluat.vn/cong-van/Thuong-mai/Cong-van-3753-BCT-TTTN-2021-dieu-hanh-kinh-doanh-xang-dau-479188.aspx
[2026-04-22 12:47:50] FETCH STATUS: 200 | https://thuvienphapluat.vn/cong-van/Thuong-mai/Cong-van-6817-BCT-TTTN-2019-dieu-hanh-kinh-doanh-xang-dau-424046.aspx
[2026-04-22 12:47:50] FETCH RETRY SUCCESS: https://thuvienphapluat.vn/cong-van/Thuong-mai/Cong-van-6817-BCT-TTTN-2019-dieu-hanh-kinh-doanh-xang-dau-424046.aspx
[2026-04-22 12:47:51] FETCH STATUS: 200 | https://thuvienphapluat.vn/cong-van/Thuong-mai/Cong-van-8178-BCT-TTTN-2017-dieu-hanh-kinh-doanh-xang-dau-360655.aspx
[2026-04-22 12:47:51] FETCH RETRY SUCCESS: https://thuvienphapluat.vn/cong-van/Thuong-mai/Cong-van-8178-BCT-TTTN-2017-dieu-hanh-kinh-doanh-xang-dau-360655.aspx
[2026-04-22 12:47:53] FETCH STATUS: 200 | https://thuvienphapluat.vn/cong-van/Thuong-mai/Cong-van-564-BCT-TTTN-dieu-hanh-kinh-doanh-xang-dau-2016-300827.aspx
[2026-04-22 12:47:53] FETCH RETRY SUCCESS: https://thuvienphapluat.vn/cong-van/Thuong-mai/Cong-van-564-BCT-TTTN-dieu-hanh-kinh-doanh-xang-dau-2016-300827.aspx
[2026-04-22 12:47:54] FETCH STATUS: 200 | https://thuvienphapluat.vn/cong-van/Thuong-mai/Cong-van-2781-BCT-TTTN-2026-thong-bao-dieu-hanh-gia-ban-xang-dau-702897.aspx
[2026-04-22 12:47:54] FETCH NEW OK: https://thuvienphapluat.vn/cong-van/Thuong-mai/Cong-van-2781-BCT-TTTN-2026-thong-bao-dieu-hanh-gia-ban-xang-dau-702897.aspx
[2026-04-22 12:47:55] FETCH DONE: new_fetched=1, retry_success=9, retry_failed=0, invalid=0, already_had_file=284
