[2026-05-10 22:51:34] COVERAGE_REPAIR: start
[2026-05-10 22:51:36] COVERAGE_REPAIR: query='xăng dầu'
[2026-05-10 22:51:36] COVERAGE_REPAIR: query='xăng dầu', page=1
[2026-05-10 22:51:36] COVERAGE_REPAIR URL: https://thuvienphapluat.vn/page/tim-van-ban.aspx?keyword=x%C4%83ng+d%E1%BA%A7u&area=0&type=3&status=0&lan=1&org=0&signer=0&match=True&sort=1&bdate=01%2F01%2F2015&edate=10%2F05%2F2026&page=1
[2026-05-10 22:51:45] COVERAGE_REPAIR: query='xăng dầu', page=1, status=ok, candidates=16
[2026-05-10 22:51:45] COVERAGE_REPAIR: query='xăng dầu', page=2
[2026-05-10 22:51:45] COVERAGE_REPAIR URL: https://thuvienphapluat.vn/page/tim-van-ban.aspx?keyword=x%C4%83ng+d%E1%BA%A7u&area=0&type=3&status=0&lan=1&org=0&signer=0&match=True&sort=1&bdate=01%2F01%2F2015&edate=10%2F05%2F2026&page=2
[2026-05-10 22:51:52] COVERAGE_REPAIR: query='xăng dầu', page=2, status=ok, candidates=18
[2026-05-10 22:51:52] COVERAGE_REPAIR: query='xăng dầu', page=3
[2026-05-10 22:51:52] COVERAGE_REPAIR URL: https://thuvienphapluat.vn/page/tim-van-ban.aspx?keyword=x%C4%83ng+d%E1%BA%A7u&area=0&type=3&status=0&lan=1&org=0&signer=0&match=True&sort=1&bdate=01%2F01%2F2015&edate=10%2F05%2F2026&page=3
[2026-05-10 22:51:59] COVERAGE_REPAIR: query='xăng dầu', page=3, status=ok, candidates=19
[2026-05-10 22:51:59] COVERAGE_REPAIR: query='giá bán xăng dầu'
[2026-05-10 22:51:59] COVERAGE_REPAIR: query='giá bán xăng dầu', page=1
[2026-05-10 22:51:59] COVERAGE_REPAIR URL: https://thuvienphapluat.vn/page/tim-van-ban.aspx?keyword=gi%C3%A1+b%C3%A1n+x%C4%83ng+d%E1%BA%A7u&area=0&type=3&status=0&lan=1&org=0&signer=0&match=True&sort=1&bdate=01%2F01%2F2015&edate=10%2F05%2F2026&page=1
[2026-05-10 22:52:06] COVERAGE_REPAIR: query='giá bán xăng dầu', page=1, status=ok, candidates=16
[2026-05-10 22:52:06] COVERAGE_REPAIR: query='giá bán xăng dầu', page=2
[2026-05-10 22:52:06] COVERAGE_REPAIR URL: https://thuvienphapluat.vn/page/tim-van-ban.aspx?keyword=gi%C3%A1+b%C3%A1n+x%C4%83ng+d%E1%BA%A7u&area=0&type=3&status=0&lan=1&org=0&signer=0&match=True&sort=1&bdate=01%2F01%2F2015&edate=10%2F05%2F2026&page=2
[2026-05-10 22:52:13] COVERAGE_REPAIR: query='giá bán xăng dầu', page=2, status=ok, candidates=15
[2026-05-10 22:52:13] COVERAGE_REPAIR: query='giá bán xăng dầu', page=3
[2026-05-10 22:52:13] COVERAGE_REPAIR URL: https://thuvienphapluat.vn/page/tim-van-ban.aspx?keyword=gi%C3%A1+b%C3%A1n+x%C4%83ng+d%E1%BA%A7u&area=0&type=3&status=0&lan=1&org=0&signer=0&match=True&sort=1&bdate=01%2F01%2F2015&edate=10%2F05%2F2026&page=3
[2026-05-10 22:52:20] COVERAGE_REPAIR: query='giá bán xăng dầu', page=3, status=ok, candidates=19
[2026-05-10 22:52:20] COVERAGE_REPAIR: query='thông báo giá bán xăng dầu'
[2026-05-10 22:52:20] COVERAGE_REPAIR: query='thông báo giá bán xăng dầu', page=1
[2026-05-10 22:52:20] COVERAGE_REPAIR URL: https://thuvienphapluat.vn/page/tim-van-ban.aspx?keyword=th%C3%B4ng+b%C3%A1o+gi%C3%A1+b%C3%A1n+x%C4%83ng+d%E1%BA%A7u&area=0&type=3&status=0&lan=1&org=0&signer=0&match=True&sort=1&bdate=01%2F01%2F2015&edate=10%2F05%2F2026&page=1
[2026-05-10 22:52:27] COVERAGE_REPAIR: query='thông báo giá bán xăng dầu', page=1, status=ok, candidates=16
[2026-05-10 22:52:27] COVERAGE_REPAIR: query='thông báo giá bán xăng dầu', page=2
[2026-05-10 22:52:27] COVERAGE_REPAIR URL: https://thuvienphapluat.vn/page/tim-van-ban.aspx?keyword=th%C3%B4ng+b%C3%A1o+gi%C3%A1+b%C3%A1n+x%C4%83ng+d%E1%BA%A7u&area=0&type=3&status=0&lan=1&org=0&signer=0&match=True&sort=1&bdate=01%2F01%2F2015&edate=10%2F05%2F2026&page=2
[2026-05-10 22:52:34] COVERAGE_REPAIR: query='thông báo giá bán xăng dầu', page=2, status=ok, candidates=16
[2026-05-10 22:52:34] COVERAGE_REPAIR: query='thông báo giá bán xăng dầu', page=3
[2026-05-10 22:52:34] COVERAGE_REPAIR URL: https://thuvienphapluat.vn/page/tim-van-ban.aspx?keyword=th%C3%B4ng+b%C3%A1o+gi%C3%A1+b%C3%A1n+x%C4%83ng+d%E1%BA%A7u&area=0&type=3&status=0&lan=1&org=0&signer=0&match=True&sort=1&bdate=01%2F01%2F2015&edate=10%2F05%2F2026&page=3
[2026-05-10 22:52:41] COVERAGE_REPAIR: query='thông báo giá bán xăng dầu', page=3, status=ok, candidates=18
[2026-05-10 22:52:41] COVERAGE_REPAIR: query='BCT-TTTN xăng dầu'
[2026-05-10 22:52:41] COVERAGE_REPAIR: query='BCT-TTTN xăng dầu', page=1
[2026-05-10 22:52:41] COVERAGE_REPAIR URL: https://thuvienphapluat.vn/page/tim-van-ban.aspx?keyword=BCT-TTTN+x%C4%83ng+d%E1%BA%A7u&area=0&type=3&status=0&lan=1&org=0&signer=0&match=True&sort=1&bdate=01%2F01%2F2015&edate=10%2F05%2F2026&page=1
[2026-05-10 22:52:48] COVERAGE_REPAIR: query='BCT-TTTN xăng dầu', page=1, status=ok, candidates=20
[2026-05-10 22:52:48] COVERAGE_REPAIR: query='BCT-TTTN xăng dầu', page=2
[2026-05-10 22:52:48] COVERAGE_REPAIR URL: https://thuvienphapluat.vn/page/tim-van-ban.aspx?keyword=BCT-TTTN+x%C4%83ng+d%E1%BA%A7u&area=0&type=3&status=0&lan=1&org=0&signer=0&match=True&sort=1&bdate=01%2F01%2F2015&edate=10%2F05%2F2026&page=2
[2026-05-10 22:52:55] COVERAGE_REPAIR: query='BCT-TTTN xăng dầu', page=2, status=ok, candidates=20
[2026-05-10 22:52:55] COVERAGE_REPAIR: query='BCT-TTTN xăng dầu', page=3
[2026-05-10 22:52:55] COVERAGE_REPAIR URL: https://thuvienphapluat.vn/page/tim-van-ban.aspx?keyword=BCT-TTTN+x%C4%83ng+d%E1%BA%A7u&area=0&type=3&status=0&lan=1&org=0&signer=0&match=True&sort=1&bdate=01%2F01%2F2015&edate=10%2F05%2F2026&page=3
[2026-05-10 22:53:01] COVERAGE_REPAIR: query='BCT-TTTN xăng dầu', page=3, status=ok, candidates=20
[2026-05-10 22:53:01] COVERAGE_REPAIR: query='kinh doanh xăng dầu'
[2026-05-10 22:53:01] COVERAGE_REPAIR: query='kinh doanh xăng dầu', page=1
[2026-05-10 22:53:01] COVERAGE_REPAIR URL: https://thuvienphapluat.vn/page/tim-van-ban.aspx?keyword=kinh+doanh+x%C4%83ng+d%E1%BA%A7u&area=0&type=3&status=0&lan=1&org=0&signer=0&match=True&sort=1&bdate=01%2F01%2F2015&edate=10%2F05%2F2026&page=1
[2026-05-10 22:53:08] COVERAGE_REPAIR: query='kinh doanh xăng dầu', page=1, status=ok, candidates=20
[2026-05-10 22:53:08] COVERAGE_REPAIR: query='kinh doanh xăng dầu', page=2
[2026-05-10 22:53:08] COVERAGE_REPAIR URL: https://thuvienphapluat.vn/page/tim-van-ban.aspx?keyword=kinh+doanh+x%C4%83ng+d%E1%BA%A7u&area=0&type=3&status=0&lan=1&org=0&signer=0&match=True&sort=1&bdate=01%2F01%2F2015&edate=10%2F05%2F2026&page=2
[2026-05-10 22:53:16] COVERAGE_REPAIR: query='kinh doanh xăng dầu', page=2, status=ok, candidates=20
[2026-05-10 22:53:16] COVERAGE_REPAIR: query='kinh doanh xăng dầu', page=3
[2026-05-10 22:53:16] COVERAGE_REPAIR URL: https://thuvienphapluat.vn/page/tim-van-ban.aspx?keyword=kinh+doanh+x%C4%83ng+d%E1%BA%A7u&area=0&type=3&status=0&lan=1&org=0&signer=0&match=True&sort=1&bdate=01%2F01%2F2015&edate=10%2F05%2F2026&page=3
[2026-05-10 22:53:22] COVERAGE_REPAIR: query='kinh doanh xăng dầu', page=3, status=ok, candidates=19
[2026-05-10 22:53:25] COVERAGE_REPAIR: registry backup saved -> D:\Do an DS108\data\raw\registry\backups\document_registry_backup_20260510_225325.csv
[2026-05-10 22:53:25] COVERAGE_REPAIR DONE: old=294, candidates=77, added=14, merged=308
[2026-05-10 22:53:25] COVERAGE_REPAIR AUDIT: query='xăng dầu', page=1, status=ok, candidates=16
[2026-05-10 22:53:25] COVERAGE_REPAIR AUDIT: query='xăng dầu', page=2, status=ok, candidates=18
[2026-05-10 22:53:25] COVERAGE_REPAIR AUDIT: query='xăng dầu', page=3, status=ok, candidates=19
[2026-05-10 22:53:25] COVERAGE_REPAIR AUDIT: query='giá bán xăng dầu', page=1, status=ok, candidates=16
[2026-05-10 22:53:25] COVERAGE_REPAIR AUDIT: query='giá bán xăng dầu', page=2, status=ok, candidates=15
[2026-05-10 22:53:25] COVERAGE_REPAIR AUDIT: query='giá bán xăng dầu', page=3, status=ok, candidates=19
[2026-05-10 22:53:25] COVERAGE_REPAIR AUDIT: query='thông báo giá bán xăng dầu', page=1, status=ok, candidates=16
[2026-05-10 22:53:25] COVERAGE_REPAIR AUDIT: query='thông báo giá bán xăng dầu', page=2, status=ok, candidates=16
[2026-05-10 22:53:25] COVERAGE_REPAIR AUDIT: query='thông báo giá bán xăng dầu', page=3, status=ok, candidates=18
[2026-05-10 22:53:25] COVERAGE_REPAIR AUDIT: query='BCT-TTTN xăng dầu', page=1, status=ok, candidates=20
[2026-05-10 22:53:25] COVERAGE_REPAIR AUDIT: query='BCT-TTTN xăng dầu', page=2, status=ok, candidates=20
[2026-05-10 22:53:25] COVERAGE_REPAIR AUDIT: query='BCT-TTTN xăng dầu', page=3, status=ok, candidates=20
[2026-05-10 22:53:25] COVERAGE_REPAIR AUDIT: query='kinh doanh xăng dầu', page=1, status=ok, candidates=20
[2026-05-10 22:53:25] COVERAGE_REPAIR AUDIT: query='kinh doanh xăng dầu', page=2, status=ok, candidates=20
[2026-05-10 22:53:25] COVERAGE_REPAIR AUDIT: query='kinh doanh xăng dầu', page=3, status=ok, candidates=19
[2026-05-10 22:53:25] COVERAGE_REPAIR: added documents:
[2026-05-10 22:53:25]   + Công văn 3203/BCT-TTTN năm 2026 thông báo điều hành giá bán xăng dầu do Bộ Công thương ban hành | https://thuvienphapluat.vn/cong-van/Thuong-mai/Cong-van-3203-BCT-TTTN-2026-thong-bao-dieu-hanh-gia-ban-xang-dau-704530.aspx
[2026-05-10 22:53:25]   + Công văn 2997/BCT-TTTN năm 2026 thông báo điều hành giá bán xăng dầu do Bộ Công thương ban hành | https://thuvienphapluat.vn/cong-van/Thuong-mai/Cong-van-2997-BCT-TTTN-2026-thong-bao-dieu-hanh-gia-ban-xang-dau-703858.aspx
[2026-05-10 22:53:25]   + Công văn 2844/BCT-TTTN năm 2026 thông báo điều hành giá bán xăng dầu do Bộ Công thương ban hành | https://thuvienphapluat.vn/cong-van/Thuong-mai/Cong-van-2844-BCT-TTTN-2026-thong-bao-dieu-hanh-gia-ban-xang-dau-703257.aspx
[2026-05-10 22:53:25]   + Công văn 2330/BCT-TTTN năm 2026 thông báo giá bán xăng dầu do Bộ Công Thương ban hành | https://thuvienphapluat.vn/cong-van/Thuong-mai/Cong-van-2330-BCT-TTTN-2026-thong-bao-gia-ban-xang-dau-700223.aspx
[2026-05-10 22:53:25]   + Công văn 2291/BCT-TTTN năm 2026 thông báo giá bán xăng dầu do Bộ Công Thương ban hành | https://thuvienphapluat.vn/cong-van/Thuong-mai/Cong-van-2291-BCT-TTTN-2026-thong-bao-gia-ban-xang-dau-700289.aspx
[2026-05-10 22:53:25]   + Công văn 2058/BCT-TTTN năm 2026 thông báo giá bán xăng dầu do Bộ Công thương ban hành | https://thuvienphapluat.vn/cong-van/Thuong-mai/Cong-van-2058-BCT-TTTN-2026-thong-bao-gia-ban-xang-dau-699031.aspx
[2026-05-10 22:53:25]   + Công văn 1990/BCT-TTTN năm 2026 thông báo giá bán xăng dầu do Bộ Công Thương ban hành | https://thuvienphapluat.vn/cong-van/Thuong-mai/Cong-van-1990-BCT-TTTN-2026-thong-bao-gia-ban-xang-dau-698852.aspx
[2026-05-10 22:53:25]   + Công văn 1971/BCT-TTTN năm 2026 thông báo giá bán xăng dầu do Bộ Công Thương ban hành | https://thuvienphapluat.vn/cong-van/Thuong-mai/Cong-van-1971-BCT-TTTN-2026-thong-bao-gia-ban-xang-dau-698828.aspx
[2026-05-10 22:53:25]   + Công văn 1825/BCT-TTTN năm 2026 thông báo giá bán xăng dầu do Bộ Công thương ban hành | https://thuvienphapluat.vn/cong-van/Thuong-mai/Cong-van-1825-BCT-TTTN-2026-thong-bao-gia-ban-xang-dau-698170.aspx
[2026-05-10 22:53:25]   + Công văn 1618/BCT-TTTN năm 2026 thông báo giá bán xăng dầu do Bộ Công Thương ban hành | https://thuvienphapluat.vn/cong-van/Thuong-mai/Cong-van-1618-BCT-TTTN-2026-thong-bao-gia-ban-xang-dau-697310.aspx
[2026-05-10 22:53:25]   + Công văn 1582/BCT-TTTN năm 2026 thông báo giá bán xăng dầu do Bộ Công Thương ban hành | https://thuvienphapluat.vn/cong-van/Thuong-mai/Cong-van-1582-BCT-TTTN-2026-thong-bao-gia-ban-xang-dau-697171.aspx
[2026-05-10 22:53:25]   + Công văn 1545/BCT-TTTN năm 2026 thông báo giá bán xăng dầu do Bộ Công Thương ban hành | https://thuvienphapluat.vn/cong-van/Thuong-mai/Cong-van-1545-BCT-TTTN-2026-thong-bao-gia-ban-xang-dau-697073.aspx
[2026-05-10 22:53:25]   + Công văn 210/BCT-TTTN năm 2025 về điều hành giá xăng dầu do Bộ Công Thương ban hành | https://thuvienphapluat.vn/cong-van/Thuong-mai/Cong-van-210-BCT-TTTN-2025-dieu-hanh-gia-xang-dau-639243.aspx
[2026-05-10 22:53:25]   + Công văn 2280/ BCT-TTTN năm 2026 tiếp tục tăng cường kiểm tra, kiểm soát hoạt động kinh doanh xăng dầu do Bộ Công Thương ban hành | https://thuvienphapluat.vn/cong-van/Thuong-mai/Cong-van-2280-BCT-TTTN-2026-tiep-tuc-tang-cuong-kiem-tra-hoat-dong-kinh-doanh-xang-dau-701645.aspx
[2026-05-10 22:54:10] COVERAGE_REPAIR: start
[2026-05-10 22:54:10] COVERAGE_REPAIR: query='xăng dầu'
[2026-05-10 22:54:10] COVERAGE_REPAIR: query='xăng dầu', page=1
[2026-05-10 22:54:10] COVERAGE_REPAIR URL: https://thuvienphapluat.vn/page/tim-van-ban.aspx?keyword=x%C4%83ng+d%E1%BA%A7u&area=0&type=3&status=0&lan=1&org=0&signer=0&match=True&sort=1&bdate=01%2F01%2F2015&edate=10%2F05%2F2026&page=1
[2026-05-10 22:54:18] COVERAGE_REPAIR: query='xăng dầu', page=1, status=ok, candidates=16
[2026-05-10 22:54:18] COVERAGE_REPAIR: query='xăng dầu', page=2
[2026-05-10 22:54:18] COVERAGE_REPAIR URL: https://thuvienphapluat.vn/page/tim-van-ban.aspx?keyword=x%C4%83ng+d%E1%BA%A7u&area=0&type=3&status=0&lan=1&org=0&signer=0&match=True&sort=1&bdate=01%2F01%2F2015&edate=10%2F05%2F2026&page=2
[2026-05-10 22:54:23] COVERAGE_REPAIR BLOCKED: query='xăng dầu', page=2. Solve captcha in Chrome, then rerun.
[2026-05-10 22:54:23] COVERAGE_REPAIR: query='giá bán xăng dầu'
[2026-05-10 22:54:23] COVERAGE_REPAIR: query='giá bán xăng dầu', page=1
[2026-05-10 22:54:23] COVERAGE_REPAIR URL: https://thuvienphapluat.vn/page/tim-van-ban.aspx?keyword=gi%C3%A1+b%C3%A1n+x%C4%83ng+d%E1%BA%A7u&area=0&type=3&status=0&lan=1&org=0&signer=0&match=True&sort=1&bdate=01%2F01%2F2015&edate=10%2F05%2F2026&page=1
[2026-05-10 22:54:28] COVERAGE_REPAIR BLOCKED: query='giá bán xăng dầu', page=1. Solve captcha in Chrome, then rerun.
[2026-05-10 22:54:28] COVERAGE_REPAIR: query='thông báo giá bán xăng dầu'
[2026-05-10 22:54:28] COVERAGE_REPAIR: query='thông báo giá bán xăng dầu', page=1
[2026-05-10 22:54:28] COVERAGE_REPAIR URL: https://thuvienphapluat.vn/page/tim-van-ban.aspx?keyword=th%C3%B4ng+b%C3%A1o+gi%C3%A1+b%C3%A1n+x%C4%83ng+d%E1%BA%A7u&area=0&type=3&status=0&lan=1&org=0&signer=0&match=True&sort=1&bdate=01%2F01%2F2015&edate=10%2F05%2F2026&page=1
[2026-05-10 22:54:33] COVERAGE_REPAIR BLOCKED: query='thông báo giá bán xăng dầu', page=1. Solve captcha in Chrome, then rerun.
[2026-05-10 22:54:33] COVERAGE_REPAIR: query='BCT-TTTN xăng dầu'
[2026-05-10 22:54:33] COVERAGE_REPAIR: query='BCT-TTTN xăng dầu', page=1
[2026-05-10 22:54:33] COVERAGE_REPAIR URL: https://thuvienphapluat.vn/page/tim-van-ban.aspx?keyword=BCT-TTTN+x%C4%83ng+d%E1%BA%A7u&area=0&type=3&status=0&lan=1&org=0&signer=0&match=True&sort=1&bdate=01%2F01%2F2015&edate=10%2F05%2F2026&page=1
[2026-05-10 22:54:38] COVERAGE_REPAIR BLOCKED: query='BCT-TTTN xăng dầu', page=1. Solve captcha in Chrome, then rerun.
[2026-05-10 22:54:38] COVERAGE_REPAIR: query='kinh doanh xăng dầu'
[2026-05-10 22:54:38] COVERAGE_REPAIR: query='kinh doanh xăng dầu', page=1
[2026-05-10 22:54:38] COVERAGE_REPAIR URL: https://thuvienphapluat.vn/page/tim-van-ban.aspx?keyword=kinh+doanh+x%C4%83ng+d%E1%BA%A7u&area=0&type=3&status=0&lan=1&org=0&signer=0&match=True&sort=1&bdate=01%2F01%2F2015&edate=10%2F05%2F2026&page=1
[2026-05-10 22:54:43] COVERAGE_REPAIR BLOCKED: query='kinh doanh xăng dầu', page=1. Solve captcha in Chrome, then rerun.
[2026-05-10 22:54:43] COVERAGE_REPAIR: query='xăng'
[2026-05-10 22:54:43] COVERAGE_REPAIR: query='xăng', page=1
[2026-05-10 22:54:43] COVERAGE_REPAIR URL: https://thuvienphapluat.vn/page/tim-van-ban.aspx?keyword=x%C4%83ng&area=0&type=3&status=0&lan=1&org=0&signer=0&match=True&sort=1&bdate=01%2F01%2F2015&edate=10%2F05%2F2026&page=1
[2026-05-10 22:54:48] COVERAGE_REPAIR BLOCKED: query='xăng', page=1. Solve captcha in Chrome, then rerun.
[2026-05-10 22:54:50] COVERAGE_REPAIR: registry backup saved -> D:\Do an DS108\data\raw\registry\backups\document_registry_backup_20260510_225450.csv
[2026-05-10 22:54:50] COVERAGE_REPAIR DONE: old=308, candidates=16, added=0, merged=308
[2026-05-10 22:54:50] COVERAGE_REPAIR AUDIT: query='xăng dầu', page=1, status=ok, candidates=16
[2026-05-10 22:54:50] COVERAGE_REPAIR AUDIT: query='xăng dầu', page=2, status=blocked, candidates=0
[2026-05-10 22:54:50] COVERAGE_REPAIR AUDIT: query='giá bán xăng dầu', page=1, status=blocked, candidates=0
[2026-05-10 22:54:50] COVERAGE_REPAIR AUDIT: query='thông báo giá bán xăng dầu', page=1, status=blocked, candidates=0
[2026-05-10 22:54:50] COVERAGE_REPAIR AUDIT: query='BCT-TTTN xăng dầu', page=1, status=blocked, candidates=0
[2026-05-10 22:54:50] COVERAGE_REPAIR AUDIT: query='kinh doanh xăng dầu', page=1, status=blocked, candidates=0
[2026-05-10 22:54:50] COVERAGE_REPAIR AUDIT: query='xăng', page=1, status=blocked, candidates=0
[2026-05-10 22:55:33] FETCH STATUS: 200 | https://thuvienphapluat.vn/cong-van/Thuong-mai/Cong-van-3203-BCT-TTTN-2026-thong-bao-dieu-hanh-gia-ban-xang-dau-704530.aspx
[2026-05-10 22:55:33] FETCH NEW OK: https://thuvienphapluat.vn/cong-van/Thuong-mai/Cong-van-3203-BCT-TTTN-2026-thong-bao-dieu-hanh-gia-ban-xang-dau-704530.aspx
[2026-05-10 22:55:34] FETCH STATUS: 200 | https://thuvienphapluat.vn/cong-van/Thuong-mai/Cong-van-2997-BCT-TTTN-2026-thong-bao-dieu-hanh-gia-ban-xang-dau-703858.aspx
[2026-05-10 22:55:34] FETCH NEW OK: https://thuvienphapluat.vn/cong-van/Thuong-mai/Cong-van-2997-BCT-TTTN-2026-thong-bao-dieu-hanh-gia-ban-xang-dau-703858.aspx
[2026-05-10 22:55:35] FETCH STATUS: 200 | https://thuvienphapluat.vn/cong-van/Thuong-mai/Cong-van-2844-BCT-TTTN-2026-thong-bao-dieu-hanh-gia-ban-xang-dau-703257.aspx
[2026-05-10 22:55:35] FETCH NEW OK: https://thuvienphapluat.vn/cong-van/Thuong-mai/Cong-van-2844-BCT-TTTN-2026-thong-bao-dieu-hanh-gia-ban-xang-dau-703257.aspx
[2026-05-10 22:55:37] FETCH STATUS: 200 | https://thuvienphapluat.vn/cong-van/Thuong-mai/Cong-van-2330-BCT-TTTN-2026-thong-bao-gia-ban-xang-dau-700223.aspx
[2026-05-10 22:55:37] FETCH NEW OK: https://thuvienphapluat.vn/cong-van/Thuong-mai/Cong-van-2330-BCT-TTTN-2026-thong-bao-gia-ban-xang-dau-700223.aspx
[2026-05-10 22:55:38] FETCH STATUS: 200 | https://thuvienphapluat.vn/cong-van/Thuong-mai/Cong-van-2291-BCT-TTTN-2026-thong-bao-gia-ban-xang-dau-700289.aspx
[2026-05-10 22:55:38] FETCH NEW OK: https://thuvienphapluat.vn/cong-van/Thuong-mai/Cong-van-2291-BCT-TTTN-2026-thong-bao-gia-ban-xang-dau-700289.aspx
[2026-05-10 22:55:39] FETCH STATUS: 200 | https://thuvienphapluat.vn/cong-van/Thuong-mai/Cong-van-2058-BCT-TTTN-2026-thong-bao-gia-ban-xang-dau-699031.aspx
[2026-05-10 22:55:39] FETCH NEW OK: https://thuvienphapluat.vn/cong-van/Thuong-mai/Cong-van-2058-BCT-TTTN-2026-thong-bao-gia-ban-xang-dau-699031.aspx
[2026-05-10 22:55:40] FETCH STATUS: 200 | https://thuvienphapluat.vn/cong-van/Thuong-mai/Cong-van-1990-BCT-TTTN-2026-thong-bao-gia-ban-xang-dau-698852.aspx
[2026-05-10 22:55:40] FETCH NEW OK: https://thuvienphapluat.vn/cong-van/Thuong-mai/Cong-van-1990-BCT-TTTN-2026-thong-bao-gia-ban-xang-dau-698852.aspx
[2026-05-10 22:55:41] FETCH STATUS: 200 | https://thuvienphapluat.vn/cong-van/Thuong-mai/Cong-van-1971-BCT-TTTN-2026-thong-bao-gia-ban-xang-dau-698828.aspx
[2026-05-10 22:55:41] FETCH NEW OK: https://thuvienphapluat.vn/cong-van/Thuong-mai/Cong-van-1971-BCT-TTTN-2026-thong-bao-gia-ban-xang-dau-698828.aspx
[2026-05-10 22:55:43] FETCH STATUS: 200 | https://thuvienphapluat.vn/cong-van/Thuong-mai/Cong-van-1825-BCT-TTTN-2026-thong-bao-gia-ban-xang-dau-698170.aspx
[2026-05-10 22:55:43] FETCH NEW OK: https://thuvienphapluat.vn/cong-van/Thuong-mai/Cong-van-1825-BCT-TTTN-2026-thong-bao-gia-ban-xang-dau-698170.aspx
[2026-05-10 22:55:44] FETCH STATUS: 200 | https://thuvienphapluat.vn/cong-van/Thuong-mai/Cong-van-1618-BCT-TTTN-2026-thong-bao-gia-ban-xang-dau-697310.aspx
[2026-05-10 22:55:44] FETCH NEW OK: https://thuvienphapluat.vn/cong-van/Thuong-mai/Cong-van-1618-BCT-TTTN-2026-thong-bao-gia-ban-xang-dau-697310.aspx
[2026-05-10 22:55:46] FETCH STATUS: 200 | https://thuvienphapluat.vn/cong-van/Thuong-mai/Cong-van-1582-BCT-TTTN-2026-thong-bao-gia-ban-xang-dau-697171.aspx
[2026-05-10 22:55:46] FETCH NEW OK: https://thuvienphapluat.vn/cong-van/Thuong-mai/Cong-van-1582-BCT-TTTN-2026-thong-bao-gia-ban-xang-dau-697171.aspx
[2026-05-10 22:55:47] FETCH STATUS: 200 | https://thuvienphapluat.vn/cong-van/Thuong-mai/Cong-van-1545-BCT-TTTN-2026-thong-bao-gia-ban-xang-dau-697073.aspx
[2026-05-10 22:55:47] FETCH NEW OK: https://thuvienphapluat.vn/cong-van/Thuong-mai/Cong-van-1545-BCT-TTTN-2026-thong-bao-gia-ban-xang-dau-697073.aspx
[2026-05-10 22:55:48] FETCH STATUS: 200 | https://thuvienphapluat.vn/cong-van/Thuong-mai/Cong-van-210-BCT-TTTN-2025-dieu-hanh-gia-xang-dau-639243.aspx
[2026-05-10 22:55:48] FETCH NEW OK: https://thuvienphapluat.vn/cong-van/Thuong-mai/Cong-van-210-BCT-TTTN-2025-dieu-hanh-gia-xang-dau-639243.aspx
[2026-05-10 22:55:50] FETCH STATUS: 200 | https://thuvienphapluat.vn/cong-van/Thuong-mai/Cong-van-2280-BCT-TTTN-2026-tiep-tuc-tang-cuong-kiem-tra-hoat-dong-kinh-doanh-xang-dau-701645.aspx
[2026-05-10 22:55:50] FETCH NEW OK: https://thuvienphapluat.vn/cong-van/Thuong-mai/Cong-van-2280-BCT-TTTN-2026-tiep-tuc-tang-cuong-kiem-tra-hoat-dong-kinh-doanh-xang-dau-701645.aspx
[2026-05-10 22:55:51] FETCH DONE: new_fetched=14, retry_success=0, retry_failed=0, invalid=0, already_had_file=294
