[2026-05-27 13:40:46] PARSE v21 (EtLT+SemanticTable+HTMLBlockSlicing+FuzzyMatch+CharFragFix+RemapGuard): start
[2026-05-27 13:45:06] PARSE v21 DONE: docs_with_html=308, docs_parsed=307, rows=1222, ok=0, partial=1222
[2026-05-27 13:45:06] PARSE v21 METHOD: table_rows=1222, text_only=0
[2026-05-27 13:45:06] PARSE v21 BOG: policy_contrib=0, policy_spend=0
[2026-05-27 13:45:06] PARSE v21 OUTPUT: D:\Do an DS108\data\interim\parsed_event_prices_raw.csv
[2026-05-27 14:10:54] PARSE v22 (Rollback to v18 + Inline O_Muc + ESRON92 Fix): start
[2026-05-27 14:11:44] PARSE v22 DONE: docs_with_html=308, docs_parsed=307, rows=1222, ok=1136, partial=86
[2026-05-27 14:11:44] PARSE v22 METHOD: table_rows=1222, text_only=0
[2026-05-27 14:11:44] PARSE v22 BOG: policy_contrib=235, policy_spend=149
[2026-05-27 14:11:44] PARSE v22 OUTPUT: D:\Do an DS108\data\interim\parsed_event_prices_raw.csv
[2026-05-27 14:21:00] PARSE v20 (EtLT+SemanticTable+HTMLBlockSlicing+FuzzyMatch+CharFragFix+RemapGuard): start
[2026-05-27 14:21:39] PARSE v20 DONE: docs_with_html=308, docs_parsed=307, rows=1222, ok=0, partial=1222
[2026-05-27 14:21:39] PARSE v20 METHOD: table_rows=1222, text_only=0
[2026-05-27 14:21:39] PARSE v20 BOG: policy_contrib=0, policy_spend=0
[2026-05-27 14:21:39] PARSE v20 OUTPUT: D:\Do an DS108\data\interim\parsed_event_prices_raw.csv
[2026-05-27 14:35:54] PARSE v23 (Rollback to v18 + Inline O_Muc + ESRON92 Fix + Guards): start
[2026-05-27 14:36:38] PARSE v23 DONE: docs_with_html=308, docs_parsed=307, rows=1222, ok=1150, partial=72
[2026-05-27 14:36:38] PARSE v23 METHOD: table_rows=1222, text_only=0
[2026-05-27 14:36:38] PARSE v23 BOG: policy_contrib=234, policy_spend=119
[2026-05-27 14:36:38] PARSE v23 OUTPUT: D:\Do an DS108\data\interim\parsed_event_prices_raw.csv
[2026-05-27 15:43:20] PARSE v22 (Rollback v18 + O_Muc + ESRON92 Fix): start
[2026-05-27 15:44:00] PARSE v22 DONE: docs_with_html=308, docs_parsed=307, rows=596, ok=492, partial=104
[2026-05-27 15:44:00] PARSE v22 METHOD: table_rows=571, text_only=25
[2026-05-27 15:44:00] PARSE v22 BOG: policy_contrib=78, policy_spend=81
[2026-05-27 15:44:00] PARSE v22 OUTPUT: D:\Do an DS108\data\interim\parsed_event_prices_raw.csv
[2026-05-27 15:55:03] PARSE v23 (Rollback to v18 + Inline O_Muc + ESRON92 Fix + Guards): start
[2026-05-27 15:55:57] PARSE v23 DONE: docs_with_html=308, docs_parsed=307, rows=1222, ok=1150, partial=72
[2026-05-27 15:55:57] PARSE v23 METHOD: table_rows=1222, text_only=0
[2026-05-27 15:55:57] PARSE v23 BOG: policy_contrib=234, policy_spend=119
[2026-05-27 15:55:57] PARSE v23 OUTPUT: D:\Do an DS108\data\interim\parsed_event_prices_raw.csv
